     NAME      CREATED BY    STATUS     EXIT CODE  
-------------+------------+-----------+------------
  YourAdHere   testing      SUCCEEDED           0  
-------------+------------+-----------+------------
