createdBy: testing
exitCode: 0
name: YourAdHere
status: SUCCEEDED
