 • Should finish with failure 
 ✗ Should finish with failure 

