 • Should finish with success
 ✓ Should finish with success

